2026-09-18T04:55:20.1141872Z,Updating submodules.,322ae1bf-91ed-4601-8d75-deb4309122f2,0
2026-09-18T04:55:21.2411501Z,Preparing deployment for commit id 'eee506d4-6'.,08c2bab6-f093-42e9-8c1e-25ecd246c34c,0
2026-09-18T04:55:21.5318962Z,PreDeployment: context.CleanOutputPath False,4023c8ed-2a70-486e-90ba-b75fbb1b9efe,0
2026-09-18T04:55:21.6545621Z,PreDeployment: context.OutputPath /home/site/wwwroot,8ac31420-e162-4454-a1f4-4bf276e6f1e4,0
2026-09-18T04:55:21.7936628Z,Repository path is /tmp/zipdeploy/extracted,d1baec3c-ae8d-4a81-bf0f-d165c97f2ee1,0
2026-09-18T04:55:21.9096861Z,Running oryx build...,1e9b9acb-c8ab-4a8d-8b57-7fadbc6f9652,0
	2026-09-18T04:55:21.9308579Z,Command: oryx build /tmp/zipdeploy/extracted -o /home/site/wwwroot --platform python --platform-version 3.12 -p virtualenv_name=antenv --log-file /tmp/build-debug.log  -i /tmp/8df15410b23d177 --compress-destination-dir | tee /tmp/oryx-build.log,,0
	2026-09-18T04:55:22.9018427Z,Operation performed by Microsoft Oryx&comma; https://github.com/Microsoft/Oryx,,0
	2026-09-18T04:55:22.9198874Z,You can report issues at https://github.com/Microsoft/Oryx/issues,,0
	2026-09-18T04:55:22.9327818Z,,,0
	2026-09-18T04:55:22.9427506Z,Oryx Version: 0.2.20260728.2+203b718c5847f8ff2fa0f9aaeb1987e6b1bd30d7&comma; Commit: 203b718c5847f8ff2fa0f9aaeb1987e6b1bd30d7&comma; ReleaseTagName: 20260728.2,,0
	2026-09-18T04:55:22.9585078Z,,,0
	2026-09-18T04:55:22.9810517Z,Build Operation ID: 9d20ff2e608aac0d,,0
	2026-09-18T04:55:23.0043742Z,Repository Commit : eee506d4-6d78-4f14-a684-a742f5c0ceb7,,0
	2026-09-18T04:55:23.0212313Z,OS Type           : bookworm,,0
	2026-09-18T04:55:23.0372484Z,Image Type        : githubactions,,0
	2026-09-18T04:55:23.0519699Z,,,0
	2026-09-18T04:55:23.0623362Z,Primary SDK Storage URL: https://oryx-cdn.microsoft.io,,0
	2026-09-18T04:55:23.0717156Z,Backup SDK Storage URL: ,,0
	2026-09-18T04:55:23.0808761Z,ACR SDK Registry URL: (not set),,0
	2026-09-18T04:55:23.0961762Z,SDK provider status:,,0
	2026-09-18T04:55:23.1129232Z,  External ACR SDK provider: Enabled,,0
	2026-09-18T04:55:23.1374357Z,  External SDK provider: Enabled,,0
	2026-09-18T04:55:23.1516892Z,  Direct ACR SDK provider: Disabled,,0
	2026-09-18T04:55:23.1603197Z,  Blob SDK provider: Enabled,,0
	2026-09-18T04:55:23.1763582Z,External ACR SDK provider is enabled. Only using user-specified platform: python,,0
	2026-09-18T04:55:23.1907879Z,Detecting platforms...,,0
	2026-09-18T04:55:26.0800683Z,External ACR provider resolved version '3.12.13' for python.,,0
	2026-09-18T04:55:26.0942043Z,Version resolved using external ACR SDK provider.,,0
	2026-09-18T04:55:26.1658781Z,Detected following platforms:,,0
	2026-09-18T04:55:26.1925753Z,  python: 3.12.13,,0
	2026-09-18T04:55:26.1996942Z,Requesting SDK from ACR via external provider: python 3.12.13 (bookworm),,0
	2026-09-18T04:55:30.1274622Z,Successfully pulled SDK from ACR via external provider: python 3.12.13,,0
	2026-09-18T04:55:30.1514835Z,SDK for 'python' version '3.12.13' fetched via external ACR provider.,,0
	2026-09-18T04:55:30.1635976Z,Version '3.12.13' of platform 'python' is not installed. Generating script to install it...,,0
	2026-09-18T04:55:30.2709151Z,,,0
	2026-09-18T04:55:30.3106896Z,Using intermediate directory '/tmp/8df15410b23d177'.,,0
	2026-09-18T04:55:30.3290426Z,,,0
	2026-09-18T04:55:30.3521301Z,Copying files to the intermediate directory...,,0
	2026-09-18T04:55:30.4821847Z,Copying files to intermediate directory done in 0 sec(s).,,0
	2026-09-18T04:55:30.4989768Z,,,0
	2026-09-18T04:55:30.5131986Z,Source directory     : /tmp/8df15410b23d177,,0
	2026-09-18T04:55:30.5245124Z,Destination directory: /home/site/wwwroot,,0
	2026-09-18T04:55:30.5369177Z,,,0
	2026-09-18T04:55:30.5463444Z,Installing platform...,,0
	2026-09-18T04:55:30.5585055Z,,,0
	2026-09-18T04:55:30.5767848Z,Downloading and extracting 'python' version '3.12.13' to '/tmp/oryx/platforms/python/3.12.13'...,,0
	2026-09-18T04:55:30.5886040Z,Detected image debian flavor: bookworm.,,0
	2026-09-18T04:55:30.6125297Z,SDK binary download was skipped. Looking for cached tarball...,,0
	2026-09-18T04:55:30.6252287Z,Found tarball at /var/OryxAcrSdks/python/python-bookworm-3.12.13.tar.gz,,0
	2026-09-18T04:55:36.3942491Z,Successfully extracted python version 3.12.13 from cached tarball.,,0
	2026-09-18T04:55:36.6188399Z,,,0
	2026-09-18T04:55:36.6391884Z,Platform installation done in 6 sec(s).,,0
	2026-09-18T04:55:37.0322002Z,Running build script snippets...,,0
	2026-09-18T04:55:37.3688036Z,Python Version: /tmp/oryx/platforms/python/3.12.13/bin/python3.12,,0
	2026-09-18T04:55:37.3875585Z,Creating directory for command manifest file if it does not exist,,0
	2026-09-18T04:55:37.6683986Z,Removing existing manifest file,,0
	2026-09-18T04:55:37.6879132Z,Python Virtual Environment: antenv,,0
	2026-09-18T04:55:37.6968093Z,Creating virtual environment...,,0
	2026-09-18T04:55:37.7058637Z,Executing: /tmp/oryx/platforms/python/3.12.13/bin/python3.12 -m venv antenv --copies --system-site-packages,,0
	2026-09-18T04:55:40.1444094Z,Activating virtual environment...,,0
	2026-09-18T04:55:40.1695843Z,Fast build is enabled,,0
	2026-09-18T04:55:40.1837976Z,Installing uv...,,0
	2026-09-18T04:55:41.2411914Z,Collecting uv,,0
	2026-09-18T04:55:41.3079218Z,  Downloading uv-0.12.16-py3-none-manylinux_2_17_x86_64.manylinux2014_x86_64.whl.metadata (11 kB),,0
	2026-09-18T04:55:41.4374862Z,Downloading uv-0.12.16-py3-none-manylinux_2_17_x86_64.manylinux2014_x86_64.whl (20.3 MB),,0
	2026-09-18T04:55:42.4936211Z,   ━━━━━━━━━━━━━━━━━━━━━━━━━━━━━━━━━━━━━━━━ 20.3/20.3 MB 19.4 MB/s eta 0:00:00,,0
	2026-09-18T04:55:42.6372687Z,Installing collected packages: uv,,0
	2026-09-18T04:55:45.0543333Z,Successfully installed uv-0.12.16,,0
	2026-09-18T04:55:45.4002875Z,,,1
	2026-09-18T04:55:45.4249871Z,[notice] A new release of pip is available: 25.0.1 -> 26.2.1,,1
	2026-09-18T04:55:45.4411800Z,[notice] To update&comma; run: pip install --upgrade pip,,1
	2026-09-18T04:55:45.5287528Z,Running uv pip install...,,0
	2026-09-18T04:55:50.2328488Z,Using Python 3.12.13 environment at: antenv,,0
	2026-09-18T04:55:50.2657016Z,Resolved 39 packages in 442ms,,0
	2026-09-18T04:55:50.2898599Z,Downloading cryptography (4.5MiB),,0
	2026-09-18T04:55:50.3151458Z,Downloading pygments (1.2MiB),,0
	2026-09-18T04:55:50.3289357Z,Downloading uvloop (4.2MiB),,0
	2026-09-18T04:55:50.3392494Z,Downloading pydantic-core (2.0MiB),,0
	2026-09-18T04:55:50.3540548Z, Downloaded pygments,,0
	2026-09-18T04:55:50.3698448Z, Downloaded pydantic-core,,0
	2026-09-18T04:55:50.3939036Z, Downloaded cryptography,,0
	2026-09-18T04:55:50.4196657Z, Downloaded uvloop,,0
	2026-09-18T04:55:50.4420050Z,Prepared 39 packages in 481ms,,0
	2026-09-18T04:55:50.4868584Z,Installed 39 packages in 645ms,,0
	2026-09-18T04:55:50.5039799Z,Bytecode compiled 1364 files in 2.99s,,0
	2026-09-18T04:55:50.5201360Z, + annotated-doc==0.0.5,,0
	2026-09-18T04:55:50.5379286Z, + annotated-types==0.8.0,,0
	2026-09-18T04:55:50.5504633Z, + anyio==4.15.1,,0
	2026-09-18T04:55:50.5665875Z, + azure-core==1.41.0,,0
	2026-09-18T04:55:50.5796856Z, + azure-storage-blob==12.30.2,,0
	2026-09-18T04:55:50.5903676Z, + certifi==2026.7.22,,0
	2026-09-18T04:55:50.6050619Z, + cffi==2.1.1,,0
	2026-09-18T04:55:50.6537142Z, + charset-normalizer==3.5.1,,0
	2026-09-18T04:55:50.6705670Z, + click==8.5.0,,0
	2026-09-18T04:55:50.6886553Z, + cryptography==50.0.1,,0
	2026-09-18T04:55:50.6995544Z, + fastapi==0.141.1,,0
	2026-09-18T04:55:50.7123682Z, + h11==0.16.0,,0
	2026-09-18T04:55:50.7287903Z, + httpcore==1.0.9,,0
	2026-09-18T04:55:50.7435353Z, + httptools==0.8.0,,0
	2026-09-18T04:55:50.7638316Z, + httpx==0.28.1,,0
	2026-09-18T04:55:50.7786640Z, + idna==3.20,,0
	2026-09-18T04:55:50.7949566Z, + iniconfig==2.3.0,,0
	2026-09-18T04:55:50.8081021Z, + isodate==0.7.2,,0
	2026-09-18T04:55:50.8277915Z, + packaging==26.3,,0
	2026-09-18T04:55:50.8395935Z, + pluggy==1.6.0,,0
	2026-09-18T04:55:50.8521902Z, + pycparser==3.0,,0
	2026-09-18T04:55:50.8741096Z, + pydantic==2.13.5,,0
	2026-09-18T04:55:50.8919659Z, + pydantic-core==2.46.5,,0
	2026-09-18T04:55:50.9072635Z, + pydantic-settings==2.15.0,,0
	2026-09-18T04:55:50.9241035Z, + pygments==2.21.0,,0
	2026-09-18T04:55:50.9346268Z, + pypdf==6.19.0,,0
	2026-09-18T04:55:50.9484997Z, + pytest==9.1.1,,0
	2026-09-18T04:55:50.9643063Z, + python-dotenv==1.2.3,,0
	2026-09-18T04:55:50.9835757Z, + python-multipart==0.0.32,,0
	2026-09-18T04:55:50.9932195Z, + pyyaml==6.0.3,,0
	2026-09-18T04:55:51.0023956Z, + requests==2.34.2,,0
	2026-09-18T04:55:51.0214530Z, + starlette==1.6.0,,0
	2026-09-18T04:55:51.0438396Z, + typing-extensions==4.16.0,,0
	2026-09-18T04:55:51.0550799Z, + typing-inspection==0.4.4,,0
	2026-09-18T04:55:51.0681409Z, + urllib3==2.8.0,,0
	2026-09-18T04:55:51.0863827Z, + uvicorn==0.53.0,,0
	2026-09-18T04:55:51.0968489Z, + uvloop==0.22.1,,0
	2026-09-18T04:55:51.1218474Z, + watchfiles==1.2.0,,0
	2026-09-18T04:55:51.1385364Z, + websockets==17.1,,0
	2026-09-18T04:55:51.2664160Z,uv pip install done in 10 sec(s).,,0
	2026-09-18T04:55:51.3107339Z,Not a vso image&comma; so not writing build commands,,0
	2026-09-18T04:55:51.3394228Z,,,0
	2026-09-18T04:55:51.3492550Z,Copying 'requirements.txt' to destination directory...,,0
	2026-09-18T04:55:51.3653179Z,Done copying requirements.txt to destination directory.,,0
	2026-09-18T04:55:51.3755103Z,Build script snippets done in 13 sec(s).,,0
	2026-09-18T04:55:51.3918392Z,Preparing output...,,0
	2026-09-18T04:55:51.4038476Z,Compressing source directory directly to destination (optimized path)...,,0
	2026-09-18T04:55:51.4235906Z,Using zstd for compression,,0
	2026-09-18T04:55:52.6840017Z,Copied the compressed output to '/home/site/wwwroot',,0
	2026-09-18T04:55:53.1115882Z,Direct compression with zstd done in 2 sec(s).,,0
	2026-09-18T04:55:53.1257664Z,,,0
	2026-09-18T04:55:53.1375140Z,Removing existing manifest file,,0
	2026-09-18T04:55:53.1491900Z,Creating a manifest file...,,0
	2026-09-18T04:55:53.1624971Z,Manifest file created.,,0
	2026-09-18T04:55:53.1786980Z,Generating .ostype from DEBIAN_FLAVOR environment variable.,,0
	2026-09-18T04:55:53.1906959Z,,,0
	2026-09-18T04:55:53.1985086Z,Total execution done in 22 sec(s).,,0
2026-09-18T04:55:54.8343917Z,Running post deployment command(s)...,80258f6d-df63-4d22-847a-64846cd00ab0,0
2026-09-18T04:55:54.9621733Z,,74b3005a-b8b8-4cdf-8f6e-9a3a970a31f7,0
2026-09-18T04:55:55.0991200Z,Generating summary of Oryx build,e7f952f0-b7b1-4a67-a77e-14e7dd70b21a,0
2026-09-18T04:55:55.2405662Z,Parsing the build logs,4591c3aa-75c1-484e-9927-6cbeb7b2f225,0
2026-09-18T04:55:55.3649628Z,Found 0 issue(s),26ae79c0-5140-45f9-810e-19db2a49cea0,0
2026-09-18T04:55:55.5178884Z,,edbefc3a-b383-4a9d-83a2-0a834df7c8a3,0
2026-09-18T04:55:55.6298239Z,Build Summary :,43992d2a-3cb1-4c43-bbcc-0c95fe2e418f,0
2026-09-18T04:55:55.7404177Z,===============,b665107b-a8d9-4a14-83f1-3894c5fd2b21,0
2026-09-18T04:55:55.8562064Z,Errors (0),6628c585-bc2d-4639-bbfe-63c23f576696,0
2026-09-18T04:55:55.9673039Z,Warnings (0),09e2f2c5-68c0-447f-8ea5-67545b71f186,0
2026-09-18T04:55:56.1335590Z,,24e0b18c-8b33-4421-b765-033b4435bf33,0
2026-09-18T04:55:56.2642697Z,Triggering container recycle for OneDeploy by adding/updating restartTrigger.txt to the site root path,9aefc78d-f8e0-47b0-9be7-47aea954997b,0
2026-09-18T04:55:56.4214292Z,Deployment successful. deployer = OneDeploy deploymentPath = OneDeploy,60ed8ecf-cbd7-4020-989c-116b9d4e3768,0
